// Jest Snapshot v1, https://goo.gl/fbAQLP

exports[`Nav should match the snapshot 1`] = `
ShallowWrapper {
  Symbol(enzyme.__root__): [Circular],
  Symbol(enzyme.__unrendered__): <Nav
    changePage={[MockFunction]}
  />,
  Symbol(enzyme.__renderer__): Object {
    "batchedUpdates": [Function],
    "checkPropTypes": [Function],
    "getNode": [Function],
    "render": [Function],
    "simulateError": [Function],
    "simulateEvent": [Function],
    "unmount": [Function],
  },
  Symbol(enzyme.__node__): Object {
    "instance": null,
    "key": undefined,
    "nodeType": "host",
    "props": Object {
      "children": <ul>
        <h4
          className="overview"
          id="page-overview"
          onClick={[Function]}
        >
          OVERVIEW
        </h4>
        <h4
          className="endpoints"
        >
          API ENDPOINTS
        </h4>
        <li
          className="link"
          id="page-get"
          onClick={[Function]}
        >
          GET
        </li>
        <li
          className="link"
          id="page-post"
          onClick={[Function]}
        >
          POST
        </li>
        <li
          className="link"
          id="page-patch"
          onClick={[Function]}
        >
          PATCH
        </li>
        <li
          className="link"
          id="page-delete"
          onClick={[Function]}
        >
          DELETE
        </li>
      </ul>,
    },
    "ref": null,
    "rendered": Object {
      "instance": null,
      "key": undefined,
      "nodeType": "host",
      "props": Object {
        "children": Array [
          <h4
            className="overview"
            id="page-overview"
            onClick={[Function]}
          >
            OVERVIEW
          </h4>,
          <h4
            className="endpoints"
          >
            API ENDPOINTS
          </h4>,
          <li
            className="link"
            id="page-get"
            onClick={[Function]}
          >
            GET
          </li>,
          <li
            className="link"
            id="page-post"
            onClick={[Function]}
          >
            POST
          </li>,
          <li
            className="link"
            id="page-patch"
            onClick={[Function]}
          >
            PATCH
          </li>,
          <li
            className="link"
            id="page-delete"
            onClick={[Function]}
          >
            DELETE
          </li>,
        ],
      },
      "ref": null,
      "rendered": Array [
        Object {
          "instance": null,
          "key": undefined,
          "nodeType": "host",
          "props": Object {
            "children": "OVERVIEW",
            "className": "overview",
            "id": "page-overview",
            "onClick": [Function],
          },
          "ref": null,
          "rendered": "OVERVIEW",
          "type": "h4",
        },
        Object {
          "instance": null,
          "key": undefined,
          "nodeType": "host",
          "props": Object {
            "children": "API ENDPOINTS",
            "className": "endpoints",
          },
          "ref": null,
          "rendered": "API ENDPOINTS",
          "type": "h4",
        },
        Object {
          "instance": null,
          "key": undefined,
          "nodeType": "host",
          "props": Object {
            "children": "GET",
            "className": "link",
            "id": "page-get",
            "onClick": [Function],
          },
          "ref": null,
          "rendered": "GET",
          "type": "li",
        },
        Object {
          "instance": null,
          "key": undefined,
          "nodeType": "host",
          "props": Object {
            "children": "POST",
            "className": "link",
            "id": "page-post",
            "onClick": [Function],
          },
          "ref": null,
          "rendered": "POST",
          "type": "li",
        },
        Object {
          "instance": null,
          "key": undefined,
          "nodeType": "host",
          "props": Object {
            "children": "PATCH",
            "className": "link",
            "id": "page-patch",
            "onClick": [Function],
          },
          "ref": null,
          "rendered": "PATCH",
          "type": "li",
        },
        Object {
          "instance": null,
          "key": undefined,
          "nodeType": "host",
          "props": Object {
            "children": "DELETE",
            "className": "link",
            "id": "page-delete",
            "onClick": [Function],
          },
          "ref": null,
          "rendered": "DELETE",
          "type": "li",
        },
      ],
      "type": "ul",
    },
    "type": "nav",
  },
  Symbol(enzyme.__nodes__): Array [
    Object {
      "instance": null,
      "key": undefined,
      "nodeType": "host",
      "props": Object {
        "children": <ul>
          <h4
            className="overview"
            id="page-overview"
            onClick={[Function]}
          >
            OVERVIEW
          </h4>
          <h4
            className="endpoints"
          >
            API ENDPOINTS
          </h4>
          <li
            className="link"
            id="page-get"
            onClick={[Function]}
          >
            GET
          </li>
          <li
            className="link"
            id="page-post"
            onClick={[Function]}
          >
            POST
          </li>
          <li
            className="link"
            id="page-patch"
            onClick={[Function]}
          >
            PATCH
          </li>
          <li
            className="link"
            id="page-delete"
            onClick={[Function]}
          >
            DELETE
          </li>
        </ul>,
      },
      "ref": null,
      "rendered": Object {
        "instance": null,
        "key": undefined,
        "nodeType": "host",
        "props": Object {
          "children": Array [
            <h4
              className="overview"
              id="page-overview"
              onClick={[Function]}
            >
              OVERVIEW
            </h4>,
            <h4
              className="endpoints"
            >
              API ENDPOINTS
            </h4>,
            <li
              className="link"
              id="page-get"
              onClick={[Function]}
            >
              GET
            </li>,
            <li
              className="link"
              id="page-post"
              onClick={[Function]}
            >
              POST
            </li>,
            <li
              className="link"
              id="page-patch"
              onClick={[Function]}
            >
              PATCH
            </li>,
            <li
              className="link"
              id="page-delete"
              onClick={[Function]}
            >
              DELETE
            </li>,
          ],
        },
        "ref": null,
        "rendered": Array [
          Object {
            "instance": null,
            "key": undefined,
            "nodeType": "host",
            "props": Object {
              "children": "OVERVIEW",
              "className": "overview",
              "id": "page-overview",
              "onClick": [Function],
            },
            "ref": null,
            "rendered": "OVERVIEW",
            "type": "h4",
          },
          Object {
            "instance": null,
            "key": undefined,
            "nodeType": "host",
            "props": Object {
              "children": "API ENDPOINTS",
              "className": "endpoints",
            },
            "ref": null,
            "rendered": "API ENDPOINTS",
            "type": "h4",
          },
          Object {
            "instance": null,
            "key": undefined,
            "nodeType": "host",
            "props": Object {
              "children": "GET",
              "className": "link",
              "id": "page-get",
              "onClick": [Function],
            },
            "ref": null,
            "rendered": "GET",
            "type": "li",
          },
          Object {
            "instance": null,
            "key": undefined,
            "nodeType": "host",
            "props": Object {
              "children": "POST",
              "className": "link",
              "id": "page-post",
              "onClick": [Function],
            },
            "ref": null,
            "rendered": "POST",
            "type": "li",
          },
          Object {
            "instance": null,
            "key": undefined,
            "nodeType": "host",
            "props": Object {
              "children": "PATCH",
              "className": "link",
              "id": "page-patch",
              "onClick": [Function],
            },
            "ref": null,
            "rendered": "PATCH",
            "type": "li",
          },
          Object {
            "instance": null,
            "key": undefined,
            "nodeType": "host",
            "props": Object {
              "children": "DELETE",
              "className": "link",
              "id": "page-delete",
              "onClick": [Function],
            },
            "ref": null,
            "rendered": "DELETE",
            "type": "li",
          },
        ],
        "type": "ul",
      },
      "type": "nav",
    },
  ],
  Symbol(enzyme.__options__): Object {
    "adapter": ReactSixteenAdapter {
      "options": Object {
        "enableComponentDidUpdateOnSetState": true,
        "legacyContextMode": "parent",
        "lifecycles": Object {
          "componentDidUpdate": Object {
            "onSetState": true,
          },
          "getChildContext": Object {
            "calledByRenderer": false,
          },
          "getDerivedStateFromProps": true,
          "getSnapshotBeforeUpdate": true,
          "setState": Object {
            "skipsComponentDidUpdateOnNullish": true,
          },
        },
      },
    },
  },
}
`;
